******************************************************************************
                  TI ARM Linker PC v18.1.4                     
******************************************************************************
>> Linked Thu Jul 16 14:39:22 2026

OUTPUT FILE NAME:   <Piezo_Sounder.out>
ENTRY POINT SYMBOL: "_c_int00_noargs"  address: 00000ae5


MEMORY CONFIGURATION

         name            origin    length      used     unused   attr    fill
----------------------  --------  ---------  --------  --------  ----  --------
  MAIN                  00000000   00040000  00000cc0  0003f340  R  X
  INFO                  00200000   00004000  00000000  00004000  R  X
  SRAM_CODE             01000000   00010000  0000021c  0000fde4  RW X
  SRAM_DATA             20000000   00010000  0000021c  0000fde4  RW  


SEGMENT ALLOCATION MAP

run origin  load origin   length   init length attrs members
----------  ----------- ---------- ----------- ----- -------
00000000    00000000    00000cc4   00000cc4    r-x
  00000000    00000000    000000e4   000000e4    r-- .intvecs
  000000e4    000000e4    00000a5c   00000a5c    r-x .text
  00000b40    00000b40    00000154   00000154    r-- .const
  00000c98    00000c98    0000002c   0000002c    r-- .cinit
20000000    20000000    0000001c   00000000    rw-
  20000000    20000000    0000001c   00000000    rw- .data
2000fe00    2000fe00    00000200   00000000    rw-
  2000fe00    2000fe00    00000200   00000000    rw- .stack


SECTION ALLOCATION MAP

 output                                  attributes/
section   page    origin      length       input sections
--------  ----  ----------  ----------   ----------------
.intvecs   0    00000000    000000e4     
                  00000000    000000e4     startup_msp432p401r_ccs.obj (.intvecs:retain)

.text      0    000000e4    00000a5c     
                  000000e4    00000334     system_msp432p401r.obj (.text)
                  00000418    0000028c     Song.obj (.text)
                  000006a4    00000138     GPIO.obj (.text)
                  000007dc    000000e8     Piezo.obj (.text)
                  000008c4    0000009c     rtsv7M4_T_le_v4SPD16_eabi.lib : memcpy_t2.asm.obj (.text)
                  00000960    00000084     SysTick.obj (.text)
                  000009e4    00000068     rtsv7M4_T_le_v4SPD16_eabi.lib : copy_decompress_lzss.c.obj (.text:decompress:lzss:__TI_decompress_lzss)
                  00000a4c    00000054     main.obj (.text)
                  00000aa0    00000044     rtsv7M4_T_le_v4SPD16_eabi.lib : autoinit.c.obj (.text:__TI_auto_init_nobinit_nopinit:__TI_auto_init_nobinit_nopinit)
                  00000ae4    00000038                                   : boot_cortex_m.c.obj (.text:_c_int00_noargs:_c_int00_noargs)
                  00000b1c    0000000e                                   : copy_decompress_none.c.obj (.text:decompress:none:__TI_decompress_none)
                  00000b2a    0000000e     startup_msp432p401r_ccs.obj (.text)
                  00000b38    00000004     rtsv7M4_T_le_v4SPD16_eabi.lib : pre_init.c.obj (.text:_system_pre_init)
                  00000b3c    00000004                                   : exit.c.obj (.text:abort:abort)

.const     0    00000b40    00000154     
                  00000b40    00000080     Song.obj (.const:frereJacques)
                  00000bc0    00000060     Song.obj (.const:londonBridge)
                  00000c20    0000005c     Song.obj (.const:herrMannelig)
                  00000c7c    00000018     Song.obj (.const:songs)

.cinit     0    00000c98    0000002c     
                  00000c98    0000001b     (.cinit..data.load) [load image, compression = lzss]
                  00000cb3    00000001     --HOLE-- [fill = 0]
                  00000cb4    00000008     (__TI_handler_table)
                  00000cbc    00000008     (__TI_cinit_table)

.init_array 
*          0    00000000    00000000     UNINITIALIZED

.binit     0    00000000    00000000     

.data      0    20000000    0000001c     UNINITIALIZED
                  20000000    0000000f     Song.obj (.data)
                  2000000f    00000004     GPIO.obj (.data)
                  20000013    00000001     --HOLE--
                  20000014    00000004     main.obj (.data)
                  20000018    00000004     system_msp432p401r.obj (.data)

.stack     0    2000fe00    00000200     UNINITIALIZED
                  2000fe00    00000004     rtsv7M4_T_le_v4SPD16_eabi.lib : boot_cortex_m.c.obj (.stack)
                  2000fe04    000001fc     --HOLE--

MODULE SUMMARY

       Module                        code   ro data   rw data
       ------                        ----   -------   -------
    .\
       Song.obj                      652    340       30     
       system_msp432p401r.obj        820    0         8      
       GPIO.obj                      312    0         8      
       startup_msp432p401r_ccs.obj   14     228       0      
       Piezo.obj                     232    0         0      
       SysTick.obj                   132    0         0      
       main.obj                      84     0         8      
    +--+-----------------------------+------+---------+---------+
       Total:                        2246   568       54     
                                                             
    C:\ti\ccsv8\tools\compiler\ti-cgt-arm_18.1.4.LTS\lib\rtsv7M4_T_le_v4SPD16_eabi.lib
       memcpy_t2.asm.obj             156    0         0      
       copy_decompress_lzss.c.obj    104    0         0      
       autoinit.c.obj                68     0         0      
       boot_cortex_m.c.obj           56     0         0      
       copy_decompress_none.c.obj    14     0         0      
       exit.c.obj                    4      0         0      
       pre_init.c.obj                4      0         0      
    +--+-----------------------------+------+---------+---------+
       Total:                        406    0         0      
                                                             
       Stack:                        0      0         1024   
       Linker Generated:             0      43        0      
    +--+-----------------------------+------+---------+---------+
       Grand Total:                  2652   611       1078   


LINKER GENERATED COPY TABLES

__TI_cinit_table @ 00000cbc records: 1, size/record: 8, table size: 8
	.data: load addr=00000c98, load size=0000001b bytes, run addr=20000000, run size=0000001c bytes, compression=lzss


LINKER GENERATED HANDLER TABLE

__TI_handler_table @ 00000cb4 records: 2, size/record: 4, table size: 8
	index: 0, handler: __TI_decompress_lzss
	index: 1, handler: __TI_decompress_none


GLOBAL SYMBOLS: SORTED ALPHABETICALLY BY Name 

address   name                          
-------   ----                          
00000b37  ADC14_IRQHandler              
00000b37  AES256_IRQHandler             
00000b37  BusFault_Handler              
00000b3d  C$$EXIT                       
00000b37  COMP_E0_IRQHandler            
00000b37  COMP_E1_IRQHandler            
00000b37  CS_IRQHandler                 
00000b37  DMA_ERR_IRQHandler            
00000b37  DMA_INT0_IRQHandler           
00000b37  DMA_INT1_IRQHandler           
00000b37  DMA_INT2_IRQHandler           
00000b37  DMA_INT3_IRQHandler           
00000b37  DebugMon_Handler              
00000b37  Default_Handler               
00000b37  EUSCIA0_IRQHandler            
00000b37  EUSCIA1_IRQHandler            
00000b37  EUSCIA2_IRQHandler            
00000b37  EUSCIA3_IRQHandler            
00000b37  EUSCIB0_IRQHandler            
00000b37  EUSCIB1_IRQHandler            
00000b37  EUSCIB2_IRQHandler            
00000b37  EUSCIB3_IRQHandler            
00000b37  FLCTL_IRQHandler              
00000b37  FPU_IRQHandler                
000006ef  GPIO_DebounceTick             
0000078d  GPIO_GetButtonEvent           
000006a5  GPIO_Init                     
00000b37  HardFault_Handler             
00000b37  MemManage_Handler             
00000b37  NMI_Handler                   
00000b37  PCM_IRQHandler                
00000b37  PORT1_IRQHandler              
00000b37  PORT2_IRQHandler              
00000b37  PORT3_IRQHandler              
00000b37  PORT4_IRQHandler              
00000b37  PORT5_IRQHandler              
00000b37  PORT6_IRQHandler              
00000b37  PSS_IRQHandler                
00000b37  PendSV_Handler                
000007dd  Piezo_Init                    
0000085f  Piezo_Start                   
00000877  Piezo_Stop                    
0000080d  Piezo_UpdateFrequency         
00000b37  RTC_C_IRQHandler              
00000b2b  Reset_Handler                 
00000b37  SVC_Handler                   
00000569  Song_DecreaseTempo            
00000549  Song_IncreaseTempo            
00000419  Song_Init                     
0000046f  Song_Service                  
0000044d  Song_Tick1ms                  
00000515  Song_TogglePlayback           
0000097b  SysTick_Handler               
0000097b  SysTick_Handler               
00000961  SysTick_Init                  
000009ab  SysTick_disableInterrupt      
00000993  SysTick_disableModule         
0000099f  SysTick_enableInterrupt       
00000987  SysTick_enableModule          
000009c9  SysTick_getPeriod             
000009d1  SysTick_getValue              
000009b7  SysTick_setPeriod             
20000018  SystemCoreClock               
000000e5  SystemCoreClockUpdate         
0000035d  SystemInit                    
00000b37  T32_INT1_IRQHandler           
00000b37  T32_INT2_IRQHandler           
00000b37  T32_INTC_IRQHandler           
00000b37  TA0_0_IRQHandler              
00000b37  TA0_N_IRQHandler              
00000b37  TA1_0_IRQHandler              
00000b37  TA1_N_IRQHandler              
00000b37  TA2_0_IRQHandler              
00000b37  TA2_N_IRQHandler              
00000b37  TA3_0_IRQHandler              
00000b37  TA3_N_IRQHandler              
00000b37  UsageFault_Handler            
4000480c  WDTCTL_SYM                    
00000b37  WDT_A_IRQHandler              
20010000  __STACK_END                   
00000200  __STACK_SIZE                  
00000cbc  __TI_CINIT_Base               
00000cc4  __TI_CINIT_Limit              
00000cb4  __TI_Handler_Table_Base       
00000cbc  __TI_Handler_Table_Limit      
00000aa1  __TI_auto_init_nobinit_nopinit
000009e5  __TI_decompress_lzss          
00000b1d  __TI_decompress_none          
ffffffff  __TI_pprof_out_hndl           
ffffffff  __TI_prof_data_size           
ffffffff  __TI_prof_data_start          
00000000  __TI_static_base__            
000008c5  __aeabi_memcpy                
000008c5  __aeabi_memcpy4               
000008c5  __aeabi_memcpy8               
ffffffff  __binit__                     
ffffffff  __c_args__                    
UNDEFED   __mpu_init                    
2000fe00  __stack                       
00000ae5  _c_int00_noargs               
UNDEFED   _system_post_cinit            
00000b39  _system_pre_init              
00000b3d  abort                         
ffffffff  binit                         
00000000  interruptVectors              
00000a4d  main                          
000008c5  memcpy                        
20000014  piezoFrequency                


GLOBAL SYMBOLS: SORTED BY Symbol Address 

address   name                          
-------   ----                          
00000000  __TI_static_base__            
00000000  interruptVectors              
000000e5  SystemCoreClockUpdate         
00000200  __STACK_SIZE                  
0000035d  SystemInit                    
00000419  Song_Init                     
0000044d  Song_Tick1ms                  
0000046f  Song_Service                  
00000515  Song_TogglePlayback           
00000549  Song_IncreaseTempo            
00000569  Song_DecreaseTempo            
000006a5  GPIO_Init                     
000006ef  GPIO_DebounceTick             
0000078d  GPIO_GetButtonEvent           
000007dd  Piezo_Init                    
0000080d  Piezo_UpdateFrequency         
0000085f  Piezo_Start                   
00000877  Piezo_Stop                    
000008c5  __aeabi_memcpy                
000008c5  __aeabi_memcpy4               
000008c5  __aeabi_memcpy8               
000008c5  memcpy                        
00000961  SysTick_Init                  
0000097b  SysTick_Handler               
0000097b  SysTick_Handler               
00000987  SysTick_enableModule          
00000993  SysTick_disableModule         
0000099f  SysTick_enableInterrupt       
000009ab  SysTick_disableInterrupt      
000009b7  SysTick_setPeriod             
000009c9  SysTick_getPeriod             
000009d1  SysTick_getValue              
000009e5  __TI_decompress_lzss          
00000a4d  main                          
00000aa1  __TI_auto_init_nobinit_nopinit
00000ae5  _c_int00_noargs               
00000b1d  __TI_decompress_none          
00000b2b  Reset_Handler                 
00000b37  ADC14_IRQHandler              
00000b37  AES256_IRQHandler             
00000b37  BusFault_Handler              
00000b37  COMP_E0_IRQHandler            
00000b37  COMP_E1_IRQHandler            
00000b37  CS_IRQHandler                 
00000b37  DMA_ERR_IRQHandler            
00000b37  DMA_INT0_IRQHandler           
00000b37  DMA_INT1_IRQHandler           
00000b37  DMA_INT2_IRQHandler           
00000b37  DMA_INT3_IRQHandler           
00000b37  DebugMon_Handler              
00000b37  Default_Handler               
00000b37  EUSCIA0_IRQHandler            
00000b37  EUSCIA1_IRQHandler            
00000b37  EUSCIA2_IRQHandler            
00000b37  EUSCIA3_IRQHandler            
00000b37  EUSCIB0_IRQHandler            
00000b37  EUSCIB1_IRQHandler            
00000b37  EUSCIB2_IRQHandler            
00000b37  EUSCIB3_IRQHandler            
00000b37  FLCTL_IRQHandler              
00000b37  FPU_IRQHandler                
00000b37  HardFault_Handler             
00000b37  MemManage_Handler             
00000b37  NMI_Handler                   
00000b37  PCM_IRQHandler                
00000b37  PORT1_IRQHandler              
00000b37  PORT2_IRQHandler              
00000b37  PORT3_IRQHandler              
00000b37  PORT4_IRQHandler              
00000b37  PORT5_IRQHandler              
00000b37  PORT6_IRQHandler              
00000b37  PSS_IRQHandler                
00000b37  PendSV_Handler                
00000b37  RTC_C_IRQHandler              
00000b37  SVC_Handler                   
00000b37  T32_INT1_IRQHandler           
00000b37  T32_INT2_IRQHandler           
00000b37  T32_INTC_IRQHandler           
00000b37  TA0_0_IRQHandler              
00000b37  TA0_N_IRQHandler              
00000b37  TA1_0_IRQHandler              
00000b37  TA1_N_IRQHandler              
00000b37  TA2_0_IRQHandler              
00000b37  TA2_N_IRQHandler              
00000b37  TA3_0_IRQHandler              
00000b37  TA3_N_IRQHandler              
00000b37  UsageFault_Handler            
00000b37  WDT_A_IRQHandler              
00000b39  _system_pre_init              
00000b3d  C$$EXIT                       
00000b3d  abort                         
00000cb4  __TI_Handler_Table_Base       
00000cbc  __TI_CINIT_Base               
00000cbc  __TI_Handler_Table_Limit      
00000cc4  __TI_CINIT_Limit              
20000014  piezoFrequency                
20000018  SystemCoreClock               
2000fe00  __stack                       
20010000  __STACK_END                   
4000480c  WDTCTL_SYM                    
ffffffff  __TI_pprof_out_hndl           
ffffffff  __TI_prof_data_size           
ffffffff  __TI_prof_data_start          
ffffffff  __binit__                     
ffffffff  __c_args__                    
ffffffff  binit                         
UNDEFED   __mpu_init                    
UNDEFED   _system_post_cinit            

[108 symbols]
